
         /\      Grafana   /‾‾/  
    /\  /  \     |\  __   /  /   
   /  \/    \    | |/ /  /   ‾‾\ 
  /          \   |   (  |  (‾)  |
 / __________ \  |_|\_\  \_____/ 


     execution: local
        script: lab/k6/estres.js
        output: -

     scenarios: (100.00%) 3 scenarios, 3002 max VUs, 5m5s max duration (incl. graceful stop):
              * muestreo: 0.50 iterations/s for 4m35s (maxVUs: 2, exec: muestrear, gracefulStop: 30s)
              * quiebre: Up to 300.00 iterations/s for 2m30s over 5 stages (maxVUs: 200-3000, exec: apretar)
              * recuperacion: 20.00 iterations/s for 2m0s (maxVUs: 60, exec: soltar, startTime: 2m35s, gracefulStop: 30s)


running (0m00.8s), 0006/0202 VUs, 32 complete and 0 interrupted iterations
muestreo       [   0% ] 0/2 VUs        0m00.8s/4m35s  0.50 iters/s
quiebre        [   1% ] 0005/0200 VUs  0m00.8s/2m30s  050.00 iters/s
recuperacion • [   0% ] waiting        2m34.2s       

running (0m01.8s), 0017/0202 VUs, 71 complete and 0 interrupted iterations
muestreo       [   1% ] 0/2 VUs        0m01.8s/4m35s  0.50 iters/s
quiebre        [   1% ] 0017/0200 VUs  0m01.8s/2m30s  050.00 iters/s
recuperacion • [   0% ] waiting        2m33.2s       

running (0m02.8s), 0015/0202 VUs, 124 complete and 0 interrupted iterations
muestreo       [   1% ] 0/2 VUs        0m02.8s/4m35s  0.50 iters/s
quiebre        [   2% ] 0015/0200 VUs  0m02.8s/2m30s  050.00 iters/s
recuperacion • [   0% ] waiting        2m32.2s       

running (0m03.8s), 0010/0202 VUs, 179 complete and 0 interrupted iterations
muestreo       [   1% ] 0/2 VUs        0m03.8s/4m35s  0.50 iters/s
quiebre        [   3% ] 0010/0200 VUs  0m03.8s/2m30s  050.00 iters/s
recuperacion • [   0% ] waiting        2m31.2s       

running (0m04.8s), 0013/0202 VUs, 227 complete and 0 interrupted iterations
muestreo       [   2% ] 0/2 VUs        0m04.8s/4m35s  0.50 iters/s
quiebre        [   3% ] 0013/0200 VUs  0m04.8s/2m30s  050.00 iters/s
recuperacion • [   0% ] waiting        2m30.2s       

running (0m05.8s), 0004/0202 VUs, 286 complete and 0 interrupted iterations
muestreo       [   2% ] 0/2 VUs        0m05.8s/4m35s  0.50 iters/s
quiebre        [   4% ] 0004/0200 VUs  0m05.8s/2m30s  050.00 iters/s
recuperacion • [   0% ] waiting        2m29.2s       

running (0m06.8s), 0002/0202 VUs, 339 complete and 0 interrupted iterations
muestreo       [   2% ] 0/2 VUs        0m06.8s/4m35s  0.50 iters/s
quiebre        [   5% ] 0002/0200 VUs  0m06.8s/2m30s  050.00 iters/s
recuperacion • [   0% ] waiting        2m28.2s       
